<?xml version="1.0"?>
<link_info>
   <banner>TI ARM Linker PC v5.0.4</banner>
   <copyright>Copyright (c) 1996-2013 Texas Instruments Incorporated</copyright>
   <link_time>0x547cfd73</link_time>
   <output_file>ASS_4.out</output_file>
   <entry_point>
      <name>_c_int00</name>
      <address>0x5d19</address>
   </entry_point>
   <input_file_list>
      <input_file id="fl-2">
         <path>.\</path>
         <kind>object</kind>
         <file>vt_100.obj</file>
         <name>vt_100.obj</name>
      </input_file>
      <input_file id="fl-3">
         <path>.\</path>
         <kind>object</kind>
         <file>systick_and_uart.obj</file>
         <name>systick_and_uart.obj</name>
      </input_file>
      <input_file id="fl-4">
         <path>.\</path>
         <kind>object</kind>
         <file>sysctl.obj</file>
         <name>sysctl.obj</name>
      </input_file>
      <input_file id="fl-5">
         <path>.\</path>
         <kind>object</kind>
         <file>spi.obj</file>
         <name>spi.obj</name>
      </input_file>
      <input_file id="fl-6">
         <path>.\</path>
         <kind>object</kind>
         <file>process.obj</file>
         <name>process.obj</name>
      </input_file>
      <input_file id="fl-7">
         <path>.\</path>
         <kind>object</kind>
         <file>main.obj</file>
         <name>main.obj</name>
      </input_file>
      <input_file id="fl-8">
         <path>.\</path>
         <kind>object</kind>
         <file>lm3s9d92_startup_ccs.obj</file>
         <name>lm3s9d92_startup_ccs.obj</name>
      </input_file>
      <input_file id="fl-9">
         <path>.\</path>
         <kind>object</kind>
         <file>gpiof.obj</file>
         <name>gpiof.obj</name>
      </input_file>
      <input_file id="fl-a">
         <path>.\</path>
         <kind>object</kind>
         <file>gpioe.obj</file>
         <name>gpioe.obj</name>
      </input_file>
      <input_file id="fl-b">
         <path>.\</path>
         <kind>object</kind>
         <file>SVC.obj</file>
         <name>SVC.obj</name>
      </input_file>
      <input_file id="fl-c">
         <path>.\</path>
         <kind>object</kind>
         <file>Memory_Management.obj</file>
         <name>Memory_Management.obj</name>
      </input_file>
      <input_file id="fl-d">
         <path>.\</path>
         <kind>object</kind>
         <file>Assignment_4.obj</file>
         <name>Assignment_4.obj</name>
      </input_file>
      <input_file id="fl-13a">
         <path>C:\ti\ccsv5\tools\compiler\arm_5.0.4\lib\</path>
         <kind>archive</kind>
         <file>rtsv7M3_T_le_eabi.lib</file>
         <name>atoi.obj</name>
      </input_file>
      <input_file id="fl-13b">
         <path>C:\ti\ccsv5\tools\compiler\arm_5.0.4\lib\</path>
         <kind>archive</kind>
         <file>rtsv7M3_T_le_eabi.lib</file>
         <name>boot.obj</name>
      </input_file>
      <input_file id="fl-13c">
         <path>C:\ti\ccsv5\tools\compiler\arm_5.0.4\lib\</path>
         <kind>archive</kind>
         <file>rtsv7M3_T_le_eabi.lib</file>
         <name>copy_decompress_none.obj</name>
      </input_file>
      <input_file id="fl-13d">
         <path>C:\ti\ccsv5\tools\compiler\arm_5.0.4\lib\</path>
         <kind>archive</kind>
         <file>rtsv7M3_T_le_eabi.lib</file>
         <name>copy_decompress_rle.obj</name>
      </input_file>
      <input_file id="fl-13e">
         <path>C:\ti\ccsv5\tools\compiler\arm_5.0.4\lib\</path>
         <kind>archive</kind>
         <file>rtsv7M3_T_le_eabi.lib</file>
         <name>copy_zero_init.obj</name>
      </input_file>
      <input_file id="fl-13f">
         <path>C:\ti\ccsv5\tools\compiler\arm_5.0.4\lib\</path>
         <kind>archive</kind>
         <file>rtsv7M3_T_le_eabi.lib</file>
         <name>ctype.obj</name>
      </input_file>
      <input_file id="fl-140">
         <path>C:\ti\ccsv5\tools\compiler\arm_5.0.4\lib\</path>
         <kind>archive</kind>
         <file>rtsv7M3_T_le_eabi.lib</file>
         <name>exit.obj</name>
      </input_file>
      <input_file id="fl-141">
         <path>C:\ti\ccsv5\tools\compiler\arm_5.0.4\lib\</path>
         <kind>archive</kind>
         <file>rtsv7M3_T_le_eabi.lib</file>
         <name>memcpy_t2.obj</name>
      </input_file>
      <input_file id="fl-142">
         <path>C:\ti\ccsv5\tools\compiler\arm_5.0.4\lib\</path>
         <kind>archive</kind>
         <file>rtsv7M3_T_le_eabi.lib</file>
         <name>printf.obj</name>
      </input_file>
      <input_file id="fl-143">
         <path>C:\ti\ccsv5\tools\compiler\arm_5.0.4\lib\</path>
         <kind>archive</kind>
         <file>rtsv7M3_T_le_eabi.lib</file>
         <name>sprintf.obj</name>
      </input_file>
      <input_file id="fl-144">
         <path>C:\ti\ccsv5\tools\compiler\arm_5.0.4\lib\</path>
         <kind>archive</kind>
         <file>rtsv7M3_T_le_eabi.lib</file>
         <name>stkdepth_vars.obj</name>
      </input_file>
      <input_file id="fl-145">
         <path>C:\ti\ccsv5\tools\compiler\arm_5.0.4\lib\</path>
         <kind>archive</kind>
         <file>rtsv7M3_T_le_eabi.lib</file>
         <name>toupper.obj</name>
      </input_file>
      <input_file id="fl-146">
         <path>C:\ti\ccsv5\tools\compiler\arm_5.0.4\lib\</path>
         <kind>archive</kind>
         <file>rtsv7M3_T_le_eabi.lib</file>
         <name>u_divt2.obj</name>
      </input_file>
      <input_file id="fl-147">
         <path>C:\ti\ccsv5\tools\compiler\arm_5.0.4\lib\</path>
         <kind>archive</kind>
         <file>rtsv7M3_T_le_eabi.lib</file>
         <name>_lock.obj</name>
      </input_file>
      <input_file id="fl-148">
         <path>C:\ti\ccsv5\tools\compiler\arm_5.0.4\lib\</path>
         <kind>archive</kind>
         <file>rtsv7M3_T_le_eabi.lib</file>
         <name>_printfi.obj</name>
      </input_file>
      <input_file id="fl-149">
         <path>C:\ti\ccsv5\tools\compiler\arm_5.0.4\lib\</path>
         <kind>archive</kind>
         <file>rtsv7M3_T_le_eabi.lib</file>
         <name>args_main.obj</name>
      </input_file>
      <input_file id="fl-14a">
         <path>C:\ti\ccsv5\tools\compiler\arm_5.0.4\lib\</path>
         <kind>archive</kind>
         <file>rtsv7M3_T_le_eabi.lib</file>
         <name>auto_init.obj</name>
      </input_file>
      <input_file id="fl-14b">
         <path>C:\ti\ccsv5\tools\compiler\arm_5.0.4\lib\</path>
         <kind>archive</kind>
         <file>rtsv7M3_T_le_eabi.lib</file>
         <name>cpy_tbl.obj</name>
      </input_file>
      <input_file id="fl-14c">
         <path>C:\ti\ccsv5\tools\compiler\arm_5.0.4\lib\</path>
         <kind>archive</kind>
         <file>rtsv7M3_T_le_eabi.lib</file>
         <name>defs.obj</name>
      </input_file>
      <input_file id="fl-14d">
         <path>C:\ti\ccsv5\tools\compiler\arm_5.0.4\lib\</path>
         <kind>archive</kind>
         <file>rtsv7M3_T_le_eabi.lib</file>
         <name>fd_add_t2.obj</name>
      </input_file>
      <input_file id="fl-14e">
         <path>C:\ti\ccsv5\tools\compiler\arm_5.0.4\lib\</path>
         <kind>archive</kind>
         <file>rtsv7M3_T_le_eabi.lib</file>
         <name>fd_cmp_t2.obj</name>
      </input_file>
      <input_file id="fl-14f">
         <path>C:\ti\ccsv5\tools\compiler\arm_5.0.4\lib\</path>
         <kind>archive</kind>
         <file>rtsv7M3_T_le_eabi.lib</file>
         <name>fd_div_t2.obj</name>
      </input_file>
      <input_file id="fl-150">
         <path>C:\ti\ccsv5\tools\compiler\arm_5.0.4\lib\</path>
         <kind>archive</kind>
         <file>rtsv7M3_T_le_eabi.lib</file>
         <name>fd_mul_t2.obj</name>
      </input_file>
      <input_file id="fl-151">
         <path>C:\ti\ccsv5\tools\compiler\arm_5.0.4\lib\</path>
         <kind>archive</kind>
         <file>rtsv7M3_T_le_eabi.lib</file>
         <name>fd_toi_t2.obj</name>
      </input_file>
      <input_file id="fl-152">
         <path>C:\ti\ccsv5\tools\compiler\arm_5.0.4\lib\</path>
         <kind>archive</kind>
         <file>rtsv7M3_T_le_eabi.lib</file>
         <name>fputc.obj</name>
      </input_file>
      <input_file id="fl-153">
         <path>C:\ti\ccsv5\tools\compiler\arm_5.0.4\lib\</path>
         <kind>archive</kind>
         <file>rtsv7M3_T_le_eabi.lib</file>
         <name>fputs.obj</name>
      </input_file>
      <input_file id="fl-154">
         <path>C:\ti\ccsv5\tools\compiler\arm_5.0.4\lib\</path>
         <kind>archive</kind>
         <file>rtsv7M3_T_le_eabi.lib</file>
         <name>i_tofd_t2.obj</name>
      </input_file>
      <input_file id="fl-155">
         <path>C:\ti\ccsv5\tools\compiler\arm_5.0.4\lib\</path>
         <kind>archive</kind>
         <file>rtsv7M3_T_le_eabi.lib</file>
         <name>ll_mul_t2.obj</name>
      </input_file>
      <input_file id="fl-156">
         <path>C:\ti\ccsv5\tools\compiler\arm_5.0.4\lib\</path>
         <kind>archive</kind>
         <file>rtsv7M3_T_le_eabi.lib</file>
         <name>lowlev.obj</name>
      </input_file>
      <input_file id="fl-157">
         <path>C:\ti\ccsv5\tools\compiler\arm_5.0.4\lib\</path>
         <kind>archive</kind>
         <file>rtsv7M3_T_le_eabi.lib</file>
         <name>ltoa.obj</name>
      </input_file>
      <input_file id="fl-158">
         <path>C:\ti\ccsv5\tools\compiler\arm_5.0.4\lib\</path>
         <kind>archive</kind>
         <file>rtsv7M3_T_le_eabi.lib</file>
         <name>memccpy.obj</name>
      </input_file>
      <input_file id="fl-159">
         <path>C:\ti\ccsv5\tools\compiler\arm_5.0.4\lib\</path>
         <kind>archive</kind>
         <file>rtsv7M3_T_le_eabi.lib</file>
         <name>memchr.obj</name>
      </input_file>
      <input_file id="fl-15a">
         <path>C:\ti\ccsv5\tools\compiler\arm_5.0.4\lib\</path>
         <kind>archive</kind>
         <file>rtsv7M3_T_le_eabi.lib</file>
         <name>memset_t2.obj</name>
      </input_file>
      <input_file id="fl-15b">
         <path>C:\ti\ccsv5\tools\compiler\arm_5.0.4\lib\</path>
         <kind>archive</kind>
         <file>rtsv7M3_T_le_eabi.lib</file>
         <name>strchr.obj</name>
      </input_file>
      <input_file id="fl-15c">
         <path>C:\ti\ccsv5\tools\compiler\arm_5.0.4\lib\</path>
         <kind>archive</kind>
         <file>rtsv7M3_T_le_eabi.lib</file>
         <name>strcmp.obj</name>
      </input_file>
      <input_file id="fl-15d">
         <path>C:\ti\ccsv5\tools\compiler\arm_5.0.4\lib\</path>
         <kind>archive</kind>
         <file>rtsv7M3_T_le_eabi.lib</file>
         <name>strlen.obj</name>
      </input_file>
      <input_file id="fl-15e">
         <path>C:\ti\ccsv5\tools\compiler\arm_5.0.4\lib\</path>
         <kind>archive</kind>
         <file>rtsv7M3_T_le_eabi.lib</file>
         <name>strncpy.obj</name>
      </input_file>
      <input_file id="fl-15f">
         <path>C:\ti\ccsv5\tools\compiler\arm_5.0.4\lib\</path>
         <kind>archive</kind>
         <file>rtsv7M3_T_le_eabi.lib</file>
         <name>trgdrv.obj</name>
      </input_file>
      <input_file id="fl-160">
         <path>C:\ti\ccsv5\tools\compiler\arm_5.0.4\lib\</path>
         <kind>archive</kind>
         <file>rtsv7M3_T_le_eabi.lib</file>
         <name>trgmsg.obj</name>
      </input_file>
      <input_file id="fl-161">
         <path>C:\ti\ccsv5\tools\compiler\arm_5.0.4\lib\</path>
         <kind>archive</kind>
         <file>rtsv7M3_T_le_eabi.lib</file>
         <name>ull_div_t2.obj</name>
      </input_file>
      <input_file id="fl-162">
         <path>C:\ti\ccsv5\tools\compiler\arm_5.0.4\lib\</path>
         <kind>archive</kind>
         <file>rtsv7M3_T_le_eabi.lib</file>
         <name>xdclass.obj</name>
      </input_file>
      <input_file id="fl-163">
         <path>C:\ti\ccsv5\tools\compiler\arm_5.0.4\lib\</path>
         <kind>archive</kind>
         <file>rtsv7M3_T_le_eabi.lib</file>
         <name>xdtest.obj</name>
      </input_file>
      <input_file id="fl-164">
         <path>C:\ti\ccsv5\tools\compiler\arm_5.0.4\lib\</path>
         <kind>archive</kind>
         <file>rtsv7M3_T_le_eabi.lib</file>
         <name>_io_perm.obj</name>
      </input_file>
      <input_file id="fl-165">
         <path>C:\ti\ccsv5\tools\compiler\arm_5.0.4\lib\</path>
         <kind>archive</kind>
         <file>rtsv7M3_T_le_eabi.lib</file>
         <name>fflush.obj</name>
      </input_file>
      <input_file id="fl-166">
         <path>C:\ti\ccsv5\tools\compiler\arm_5.0.4\lib\</path>
         <kind>archive</kind>
         <file>rtsv7M3_T_le_eabi.lib</file>
         <name>fseek.obj</name>
      </input_file>
      <input_file id="fl-167">
         <path>C:\ti\ccsv5\tools\compiler\arm_5.0.4\lib\</path>
         <kind>archive</kind>
         <file>rtsv7M3_T_le_eabi.lib</file>
         <name>setvbuf.obj</name>
      </input_file>
      <input_file id="fl-168">
         <path>C:\ti\ccsv5\tools\compiler\arm_5.0.4\lib\</path>
         <kind>archive</kind>
         <file>rtsv7M3_T_le_eabi.lib</file>
         <name>strcpy.obj</name>
      </input_file>
      <input_file id="fl-169">
         <path>C:\ti\ccsv5\tools\compiler\arm_5.0.4\lib\</path>
         <kind>archive</kind>
         <file>rtsv7M3_T_le_eabi.lib</file>
         <name>fopen.obj</name>
      </input_file>
      <input_file id="fl-16a">
         <path>C:\ti\ccsv5\tools\compiler\arm_5.0.4\lib\</path>
         <kind>archive</kind>
         <file>rtsv7M3_T_le_eabi.lib</file>
         <name>memory.obj</name>
      </input_file>
      <input_file id="fl-16b">
         <path>C:\ti\ccsv5\tools\compiler\arm_5.0.4\lib\</path>
         <kind>archive</kind>
         <file>rtsv7M3_T_le_eabi.lib</file>
         <name>fclose.obj</name>
      </input_file>
      <input_file id="fl-16c">
         <path>C:\ti\ccsv5\tools\compiler\arm_5.0.4\lib\</path>
         <kind>archive</kind>
         <file>rtsv7M3_T_le_eabi.lib</file>
         <name>remove.obj</name>
      </input_file>
   </input_file_list>
   <object_component_list>
      <object_component id="oc-e">
         <name>.intvecs</name>
         <load_address>0x0</load_address>
         <run_address>0x0</run_address>
         <size>0x11c</size>
         <input_file_ref idref="fl-8"/>
      </object_component>
      <object_component id="oc-28">
         <name>.text</name>
         <load_address>0x11c</load_address>
         <run_address>0x11c</run_address>
         <size>0x1a38</size>
         <input_file_ref idref="fl-7"/>
      </object_component>
      <object_component id="oc-124">
         <name>.text</name>
         <load_address>0x1b54</load_address>
         <run_address>0x1b54</run_address>
         <size>0xe7a</size>
         <input_file_ref idref="fl-148"/>
      </object_component>
      <object_component id="oc-2d">
         <name>.text</name>
         <load_address>0x29d0</load_address>
         <run_address>0x29d0</run_address>
         <size>0x9a4</size>
         <input_file_ref idref="fl-3"/>
      </object_component>
      <object_component id="oc-83">
         <name>.text</name>
         <load_address>0x3374</load_address>
         <run_address>0x3374</run_address>
         <size>0x5e2</size>
         <input_file_ref idref="fl-2"/>
      </object_component>
      <object_component id="oc-68">
         <name>.text</name>
         <load_address>0x3958</load_address>
         <run_address>0x3958</run_address>
         <size>0x4e4</size>
         <input_file_ref idref="fl-c"/>
      </object_component>
      <object_component id="oc-2a7">
         <name>.text</name>
         <load_address>0x3e3c</load_address>
         <run_address>0x3e3c</run_address>
         <size>0x3d8</size>
         <input_file_ref idref="fl-16a"/>
      </object_component>
      <object_component id="oc-1b4">
         <name>.text</name>
         <load_address>0x4214</load_address>
         <run_address>0x4214</run_address>
         <size>0x378</size>
         <input_file_ref idref="fl-156"/>
      </object_component>
      <object_component id="oc-2bd">
         <name>.text</name>
         <load_address>0x458c</load_address>
         <run_address>0x458c</run_address>
         <size>0x2e4</size>
         <input_file_ref idref="fl-15f"/>
      </object_component>
      <object_component id="oc-1c4">
         <name>.text</name>
         <load_address>0x4870</load_address>
         <run_address>0x4870</run_address>
         <size>0x1f4</size>
         <input_file_ref idref="fl-161"/>
      </object_component>
      <object_component id="oc-88">
         <name>.text</name>
         <load_address>0x4a64</load_address>
         <run_address>0x4a64</run_address>
         <size>0x1f4</size>
         <input_file_ref idref="fl-5"/>
      </object_component>
      <object_component id="oc-2ab">
         <name>.text</name>
         <load_address>0x4c58</load_address>
         <run_address>0x4c58</run_address>
         <size>0x1c0</size>
         <input_file_ref idref="fl-169"/>
      </object_component>
      <object_component id="oc-1e4">
         <name>.text</name>
         <load_address>0x4e18</load_address>
         <run_address>0x4e18</run_address>
         <size>0x1b6</size>
         <input_file_ref idref="fl-14d"/>
      </object_component>
      <object_component id="oc-1d4">
         <name>.text</name>
         <load_address>0x4fce</load_address>
         <run_address>0x4fce</run_address>
         <size>0x136</size>
         <input_file_ref idref="fl-14f"/>
      </object_component>
      <object_component id="oc-120">
         <name>.text</name>
         <load_address>0x5104</load_address>
         <run_address>0x5104</run_address>
         <size>0x130</size>
         <input_file_ref idref="fl-153"/>
      </object_component>
      <object_component id="oc-1d0">
         <name>.text</name>
         <load_address>0x5234</load_address>
         <run_address>0x5234</run_address>
         <size>0xfc</size>
         <input_file_ref idref="fl-150"/>
      </object_component>
      <object_component id="oc-244">
         <name>.text</name>
         <load_address>0x5330</load_address>
         <run_address>0x5330</run_address>
         <size>0xcc</size>
         <input_file_ref idref="fl-167"/>
      </object_component>
      <object_component id="oc-1ac">
         <name>.text</name>
         <load_address>0x53fc</load_address>
         <run_address>0x53fc</run_address>
         <size>0xac</size>
         <input_file_ref idref="fl-164"/>
      </object_component>
      <object_component id="oc-1b0">
         <name>.text</name>
         <load_address>0x54a8</load_address>
         <run_address>0x54a8</run_address>
         <size>0xa8</size>
         <input_file_ref idref="fl-165"/>
      </object_component>
      <object_component id="oc-11c">
         <name>.text</name>
         <load_address>0x5550</load_address>
         <run_address>0x5550</run_address>
         <size>0x9c</size>
         <input_file_ref idref="fl-152"/>
      </object_component>
      <object_component id="oc-44">
         <name>.text</name>
         <load_address>0x55ec</load_address>
         <run_address>0x55ec</run_address>
         <size>0x9c</size>
         <input_file_ref idref="fl-141"/>
      </object_component>
      <object_component id="oc-63">
         <name>.text</name>
         <load_address>0x5688</load_address>
         <run_address>0x5688</run_address>
         <size>0x98</size>
         <input_file_ref idref="fl-6"/>
      </object_component>
      <object_component id="oc-35">
         <name>.text</name>
         <load_address>0x5720</load_address>
         <run_address>0x5720</run_address>
         <size>0x94</size>
         <input_file_ref idref="fl-14a"/>
      </object_component>
      <object_component id="oc-2d9">
         <name>.text</name>
         <load_address>0x57b4</load_address>
         <run_address>0x57b4</run_address>
         <size>0x84</size>
         <input_file_ref idref="fl-16b"/>
      </object_component>
      <object_component id="oc-1cc">
         <name>.text</name>
         <load_address>0x5838</load_address>
         <run_address>0x5838</run_address>
         <size>0x7e</size>
         <input_file_ref idref="fl-14e"/>
      </object_component>
      <object_component id="oc-1e8">
         <name>.text</name>
         <load_address>0x58b6</load_address>
         <run_address>0x58b6</run_address>
         <size>0x78</size>
         <input_file_ref idref="fl-15a"/>
      </object_component>
      <object_component id="oc-77">
         <name>.text</name>
         <load_address>0x5930</load_address>
         <run_address>0x5930</run_address>
         <size>0x70</size>
         <input_file_ref idref="fl-142"/>
      </object_component>
      <object_component id="oc-240">
         <name>.text</name>
         <load_address>0x59a0</load_address>
         <run_address>0x59a0</run_address>
         <size>0x64</size>
         <input_file_ref idref="fl-166"/>
      </object_component>
      <object_component id="oc-a6">
         <name>.text</name>
         <load_address>0x5a04</load_address>
         <run_address>0x5a04</run_address>
         <size>0x60</size>
         <input_file_ref idref="fl-143"/>
      </object_component>
      <object_component id="oc-2e8">
         <name>.text</name>
         <load_address>0x5a64</load_address>
         <run_address>0x5a64</run_address>
         <size>0x60</size>
         <input_file_ref idref="fl-160"/>
      </object_component>
      <object_component id="oc-54">
         <name>.text</name>
         <load_address>0x5ac4</load_address>
         <run_address>0x5ac4</run_address>
         <size>0x5e</size>
         <input_file_ref idref="fl-13d"/>
      </object_component>
      <object_component id="oc-1dc">
         <name>.text</name>
         <load_address>0x5b22</load_address>
         <run_address>0x5b22</run_address>
         <size>0x56</size>
         <input_file_ref idref="fl-157"/>
      </object_component>
      <object_component id="oc-9e">
         <name>.text</name>
         <load_address>0x5b78</load_address>
         <run_address>0x5b78</run_address>
         <size>0x4c</size>
         <input_file_ref idref="fl-13a"/>
      </object_component>
      <object_component id="oc-1d8">
         <name>.text</name>
         <load_address>0x5bc4</load_address>
         <run_address>0x5bc4</run_address>
         <size>0x48</size>
         <input_file_ref idref="fl-151"/>
      </object_component>
      <object_component id="oc-bc">
         <name>.text</name>
         <load_address>0x5c0c</load_address>
         <run_address>0x5c0c</run_address>
         <size>0x44</size>
         <input_file_ref idref="fl-14b"/>
      </object_component>
      <object_component id="oc-27b">
         <name>.text</name>
         <load_address>0x5c50</load_address>
         <run_address>0x5c50</run_address>
         <size>0x44</size>
         <input_file_ref idref="fl-163"/>
      </object_component>
      <object_component id="oc-a2">
         <name>.text</name>
         <load_address>0x5c94</load_address>
         <run_address>0x5c94</run_address>
         <size>0x42</size>
         <input_file_ref idref="fl-146"/>
      </object_component>
      <object_component id="oc-3d">
         <name>.text</name>
         <load_address>0x5cd8</load_address>
         <run_address>0x5cd8</run_address>
         <size>0x40</size>
         <input_file_ref idref="fl-140"/>
      </object_component>
      <object_component id="oc-10">
         <name>.text</name>
         <load_address>0x5d18</load_address>
         <run_address>0x5d18</run_address>
         <size>0x34</size>
         <input_file_ref idref="fl-13b"/>
      </object_component>
      <object_component id="oc-256">
         <name>.text</name>
         <load_address>0x5d4c</load_address>
         <run_address>0x5d4c</run_address>
         <size>0x30</size>
         <input_file_ref idref="fl-15e"/>
      </object_component>
      <object_component id="oc-1e0">
         <name>.text</name>
         <load_address>0x5d7c</load_address>
         <run_address>0x5d7c</run_address>
         <size>0x2e</size>
         <input_file_ref idref="fl-154"/>
      </object_component>
      <object_component id="oc-1f0">
         <name>.text</name>
         <load_address>0x5daa</load_address>
         <run_address>0x5daa</run_address>
         <size>0x1a</size>
         <input_file_ref idref="fl-158"/>
      </object_component>
      <object_component id="oc-39">
         <name>.text</name>
         <load_address>0x5dc4</load_address>
         <run_address>0x5dc4</run_address>
         <size>0x18</size>
         <input_file_ref idref="fl-149"/>
      </object_component>
      <object_component id="oc-1c8">
         <name>.text</name>
         <load_address>0x5ddc</load_address>
         <run_address>0x5ddc</run_address>
         <size>0x18</size>
         <input_file_ref idref="fl-155"/>
      </object_component>
      <object_component id="oc-24e">
         <name>.text</name>
         <load_address>0x5df4</load_address>
         <run_address>0x5df4</run_address>
         <size>0x18</size>
         <input_file_ref idref="fl-15c"/>
      </object_component>
      <object_component id="oc-1be">
         <name>.text</name>
         <load_address>0x5e0c</load_address>
         <run_address>0x5e0c</run_address>
         <size>0x16</size>
         <input_file_ref idref="fl-159"/>
      </object_component>
      <object_component id="oc-252">
         <name>.text</name>
         <load_address>0x5e22</load_address>
         <run_address>0x5e22</run_address>
         <size>0x16</size>
         <input_file_ref idref="fl-15b"/>
      </object_component>
      <object_component id="oc-185">
         <name>.text</name>
         <load_address>0x5e38</load_address>
         <run_address>0x5e38</run_address>
         <size>0x14</size>
         <input_file_ref idref="fl-147"/>
      </object_component>
      <object_component id="oc-1ba">
         <name>.text</name>
         <load_address>0x5e4c</load_address>
         <run_address>0x5e4c</run_address>
         <size>0x14</size>
         <input_file_ref idref="fl-15d"/>
      </object_component>
      <object_component id="oc-18">
         <name>.text:decompress:ZI</name>
         <load_address>0x5e60</load_address>
         <run_address>0x5e60</run_address>
         <size>0x12</size>
         <input_file_ref idref="fl-13e"/>
      </object_component>
      <object_component id="oc-2ec">
         <name>.text</name>
         <load_address>0x5e72</load_address>
         <run_address>0x5e72</run_address>
         <size>0x12</size>
         <input_file_ref idref="fl-168"/>
      </object_component>
      <object_component id="oc-aa">
         <name>.text</name>
         <load_address>0x5e84</load_address>
         <run_address>0x5e84</run_address>
         <size>0x10</size>
         <input_file_ref idref="fl-145"/>
      </object_component>
      <object_component id="oc-14">
         <name>.text:decompress:none</name>
         <load_address>0x5e94</load_address>
         <run_address>0x5e94</run_address>
         <size>0xe</size>
         <input_file_ref idref="fl-13c"/>
      </object_component>
      <object_component id="oc-1ec">
         <name>.text</name>
         <load_address>0x5ea2</load_address>
         <run_address>0x5ea2</run_address>
         <size>0xe</size>
         <input_file_ref idref="fl-162"/>
      </object_component>
      <object_component id="oc-23">
         <name>.text</name>
         <load_address>0x5eb0</load_address>
         <run_address>0x5eb0</run_address>
         <size>0xc</size>
         <input_file_ref idref="fl-8"/>
      </object_component>
      <object_component id="oc-1c">
         <name>.text:decompress:rle24</name>
         <load_address>0x5ebc</load_address>
         <run_address>0x5ebc</run_address>
         <size>0x6</size>
         <input_file_ref idref="fl-13d"/>
      </object_component>
      <object_component id="oc-16f">
         <name>.const:.string:_ctypes_</name>
         <load_address>0x5ec4</load_address>
         <run_address>0x5ec4</run_address>
         <size>0x101</size>
         <input_file_ref idref="fl-13f"/>
      </object_component>
      <object_component id="oc-8d">
         <name>.const</name>
         <load_address>0x5fc8</load_address>
         <run_address>0x5fc8</run_address>
         <size>0x28</size>
         <input_file_ref idref="fl-9"/>
      </object_component>
      <object_component id="oc-145">
         <name>.const</name>
         <load_address>0x5ff0</load_address>
         <run_address>0x5ff0</run_address>
         <size>0x20</size>
         <input_file_ref idref="fl-5"/>
      </object_component>
      <object_component id="oc-143">
         <name>.const</name>
         <load_address>0x6010</load_address>
         <run_address>0x6010</run_address>
         <size>0x14</size>
         <input_file_ref idref="fl-a"/>
      </object_component>
      <object_component id="oc-141">
         <name>.const</name>
         <load_address>0x6024</load_address>
         <run_address>0x6024</run_address>
         <size>0x8</size>
         <input_file_ref idref="fl-4"/>
      </object_component>
      <object_component id="oc-333">
         <name>.cinit..data.load</name>
         <load_address>0x6030</load_address>
         <run_address>0x6030</run_address>
         <size>0x697</size>
      </object_component>
      <object_component id="oc-331">
         <name>__TI_handler_table</name>
         <load_address>0x66c8</load_address>
         <run_address>0x66c8</run_address>
         <size>0xc</size>
      </object_component>
      <object_component id="oc-334">
         <name>.cinit..bss.load</name>
         <load_address>0x66d8</load_address>
         <run_address>0x66d8</run_address>
         <size>0x8</size>
      </object_component>
      <object_component id="oc-332">
         <name>__TI_cinit_table</name>
         <load_address>0x66e0</load_address>
         <run_address>0x66e0</run_address>
         <size>0x10</size>
      </object_component>
      <object_component id="oc-41">
         <name>.data</name>
         <load_address>0x2001359c</load_address>
         <run_address>0x2001359c</run_address>
         <size>0x4</size>
         <input_file_ref idref="fl-144"/>
      </object_component>
      <object_component id="oc-6f">
         <name>.data:section</name>
         <load_address>0x20012ee0</load_address>
         <run_address>0x20012ee0</run_address>
         <size>0x154</size>
         <input_file_ref idref="fl-7"/>
      </object_component>
      <object_component id="oc-71">
         <name>.data:HALLS</name>
         <load_address>0x20013034</load_address>
         <run_address>0x20013034</run_address>
         <size>0x108</size>
         <input_file_ref idref="fl-7"/>
      </object_component>
      <object_component id="oc-73">
         <name>.data:switches</name>
         <load_address>0x200133b0</load_address>
         <run_address>0x200133b0</run_address>
         <size>0x50</size>
         <input_file_ref idref="fl-7"/>
      </object_component>
      <object_component id="oc-75">
         <name>.data</name>
         <load_address>0x20012d0c</load_address>
         <run_address>0x20012d0c</run_address>
         <size>0x1d4</size>
         <input_file_ref idref="fl-7"/>
      </object_component>
      <object_component id="oc-7d">
         <name>.data:next_HS</name>
         <load_address>0x20012afc</load_address>
         <run_address>0x20012afc</run_address>
         <size>0x210</size>
         <input_file_ref idref="fl-7"/>
      </object_component>
      <object_component id="oc-96">
         <name>.data</name>
         <load_address>0x200134b0</load_address>
         <run_address>0x200134b0</run_address>
         <size>0x2c</size>
         <input_file_ref idref="fl-3"/>
      </object_component>
      <object_component id="oc-c7">
         <name>.data</name>
         <load_address>0x20013588</load_address>
         <run_address>0x20013588</run_address>
         <size>0x8</size>
         <input_file_ref idref="fl-147"/>
      </object_component>
      <object_component id="oc-c9">
         <name>.data</name>
         <load_address>0x20013590</load_address>
         <run_address>0x20013590</run_address>
         <size>0x8</size>
         <input_file_ref idref="fl-140"/>
      </object_component>
      <object_component id="oc-fd">
         <name>.data</name>
         <load_address>0x20013548</load_address>
         <run_address>0x20013548</run_address>
         <size>0x18</size>
         <input_file_ref idref="fl-c"/>
      </object_component>
      <object_component id="oc-105">
         <name>.data:C_HS_2</name>
         <load_address>0x20013500</load_address>
         <run_address>0x20013500</run_address>
         <size>0x24</size>
         <input_file_ref idref="fl-7"/>
      </object_component>
      <object_component id="oc-107">
         <name>.data:C_HS_8</name>
         <load_address>0x20013524</load_address>
         <run_address>0x20013524</run_address>
         <size>0x24</size>
         <input_file_ref idref="fl-7"/>
      </object_component>
      <object_component id="oc-109">
         <name>.data:CC_HS_8</name>
         <load_address>0x200134dc</load_address>
         <run_address>0x200134dc</run_address>
         <size>0x24</size>
         <input_file_ref idref="fl-7"/>
      </object_component>
      <object_component id="oc-10b">
         <name>.data:CC_HS_24</name>
         <load_address>0x200132f8</load_address>
         <run_address>0x200132f8</run_address>
         <size>0x60</size>
         <input_file_ref idref="fl-7"/>
      </object_component>
      <object_component id="oc-10d">
         <name>.data:CC_HS_26</name>
         <load_address>0x20013400</load_address>
         <run_address>0x20013400</run_address>
         <size>0x40</size>
         <input_file_ref idref="fl-7"/>
      </object_component>
      <object_component id="oc-10f">
         <name>.data:CC_HS_32</name>
         <load_address>0x20013440</load_address>
         <run_address>0x20013440</run_address>
         <size>0x40</size>
         <input_file_ref idref="fl-7"/>
      </object_component>
      <object_component id="oc-128">
         <name>.data:_ftable</name>
         <load_address>0x2001313c</load_address>
         <run_address>0x2001313c</run_address>
         <size>0xf0</size>
         <input_file_ref idref="fl-14c"/>
      </object_component>
      <object_component id="oc-134">
         <name>.data:sect_disp</name>
         <load_address>0x20013358</load_address>
         <run_address>0x20013358</run_address>
         <size>0x55</size>
         <input_file_ref idref="fl-2"/>
      </object_component>
      <object_component id="oc-136">
         <name>.data</name>
         <load_address>0x2001357c</load_address>
         <run_address>0x2001357c</run_address>
         <size>0xa</size>
         <input_file_ref idref="fl-2"/>
      </object_component>
      <object_component id="oc-138">
         <name>.data:swi_disp</name>
         <load_address>0x20013480</load_address>
         <run_address>0x20013480</run_address>
         <size>0x2d</size>
         <input_file_ref idref="fl-2"/>
      </object_component>
      <object_component id="oc-24a">
         <name>.data</name>
         <load_address>0x20013560</load_address>
         <run_address>0x20013560</run_address>
         <size>0x10</size>
         <input_file_ref idref="fl-14c"/>
      </object_component>
      <object_component id="oc-25a">
         <name>.data</name>
         <load_address>0x2001322c</load_address>
         <run_address>0x2001322c</run_address>
         <size>0xcc</size>
         <input_file_ref idref="fl-156"/>
      </object_component>
      <object_component id="oc-2d6">
         <name>.data</name>
         <load_address>0x20013570</load_address>
         <run_address>0x20013570</run_address>
         <size>0xc</size>
         <input_file_ref idref="fl-16a"/>
      </object_component>
      <object_component id="oc-2dd">
         <name>.data</name>
         <load_address>0x20013598</load_address>
         <run_address>0x20013598</run_address>
         <size>0x4</size>
         <input_file_ref idref="fl-169"/>
      </object_component>
      <object_component id="oc-6d">
         <name>.bss:loco</name>
         <uninitialized>true</uninitialized>
         <run_address>0x20012a80</run_address>
         <size>0x3c</size>
         <input_file_ref idref="fl-7"/>
      </object_component>
      <object_component id="oc-7b">
         <name>.bss:portf_int_queue</name>
         <uninitialized>true</uninitialized>
         <run_address>0x20012a00</run_address>
         <size>0x80</size>
         <input_file_ref idref="fl-7"/>
      </object_component>
      <object_component id="oc-7f">
         <name>.bss</name>
         <uninitialized>true</uninitialized>
         <run_address>0x20012abc</run_address>
         <size>0x20</size>
         <input_file_ref idref="fl-7"/>
      </object_component>
      <object_component id="oc-81">
         <name>.bss:MQ</name>
         <uninitialized>true</uninitialized>
         <run_address>0x200128b0</run_address>
         <size>0xb0</size>
         <input_file_ref idref="fl-7"/>
      </object_component>
      <object_component id="oc-98">
         <name>.bss:input_queue_list</name>
         <uninitialized>true</uninitialized>
         <run_address>0x20011f90</run_address>
         <size>0x800</size>
         <input_file_ref idref="fl-3"/>
      </object_component>
      <object_component id="oc-9a">
         <name>.bss</name>
         <uninitialized>true</uninitialized>
         <run_address>0x20012adc</run_address>
         <size>0x16</size>
         <input_file_ref idref="fl-3"/>
      </object_component>
      <object_component id="oc-9c">
         <name>.bss:output_queue_list</name>
         <uninitialized>true</uninitialized>
         <run_address>0x20000000</run_address>
         <size>0x11000</size>
         <input_file_ref idref="fl-3"/>
      </object_component>
      <object_component id="oc-fb">
         <name>.bss:blocks</name>
         <uninitialized>true</uninitialized>
         <run_address>0x20011000</run_address>
         <size>0xf90</size>
         <input_file_ref idref="fl-c"/>
      </object_component>
      <object_component id="oc-2f0">
         <name>.bss</name>
         <uninitialized>true</uninitialized>
         <run_address>0x20012af2</run_address>
         <size>0x8</size>
         <input_file_ref idref="fl-15f"/>
      </object_component>
      <object_component id="oc-2fd">
         <name>.bss:_tmpnams</name>
         <uninitialized>true</uninitialized>
         <run_address>0x20012960</run_address>
         <size>0xa0</size>
         <input_file_ref idref="fl-14c"/>
      </object_component>
      <object_component id="oc-303">
         <name>.bss:__CIOBUF_</name>
         <uninitialized>true</uninitialized>
         <run_address>0x20012790</run_address>
         <size>0x120</size>
         <input_file_ref idref="fl-160"/>
      </object_component>
      <object_component id="oc-21">
         <name>.sysmem</name>
         <uninitialized>true</uninitialized>
         <run_address>0x200139a0</run_address>
         <size>0x8</size>
         <input_file_ref idref="fl-16a"/>
      </object_component>
      <object_component id="oc-336">
         <name>.sysmem</name>
         <uninitialized>true</uninitialized>
         <run_address>0x200139a0</run_address>
         <size>0x0</size>
      </object_component>
      <object_component id="oc-20">
         <name>.stack</name>
         <uninitialized>true</uninitialized>
         <run_address>0x200135a0</run_address>
         <size>0x0</size>
         <input_file_ref idref="fl-13b"/>
      </object_component>
      <object_component id="oc-335">
         <name>.stack</name>
         <uninitialized>true</uninitialized>
         <run_address>0x200135a0</run_address>
         <size>0x0</size>
      </object_component>
      <object_component id="oc-f">
         <name>.debug_info</name>
         <load_address>0x0</load_address>
         <run_address>0x0</run_address>
         <size>0xf1</size>
         <input_file_ref idref="fl-8"/>
      </object_component>
      <object_component id="oc-11">
         <name>.debug_info</name>
         <load_address>0xf1</load_address>
         <run_address>0xf1</run_address>
         <size>0xf4</size>
         <input_file_ref idref="fl-13b"/>
      </object_component>
      <object_component id="oc-15">
         <name>.debug_info</name>
         <load_address>0x1e5</load_address>
         <run_address>0x1e5</run_address>
         <size>0x159</size>
         <input_file_ref idref="fl-13c"/>
      </object_component>
      <object_component id="oc-19">
         <name>.debug_info</name>
         <load_address>0x33e</load_address>
         <run_address>0x33e</run_address>
         <size>0x193</size>
         <input_file_ref idref="fl-13e"/>
      </object_component>
      <object_component id="oc-1d">
         <name>.debug_info</name>
         <load_address>0x4d1</load_address>
         <run_address>0x4d1</run_address>
         <size>0x16a</size>
         <input_file_ref idref="fl-13d"/>
      </object_component>
      <object_component id="oc-22">
         <name>.debug_info</name>
         <load_address>0x63b</load_address>
         <run_address>0x63b</run_address>
         <size>0xb6</size>
         <input_file_ref idref="fl-16a"/>
      </object_component>
      <object_component id="oc-24">
         <name>.debug_info</name>
         <load_address>0x6f1</load_address>
         <run_address>0x6f1</run_address>
         <size>0x3a6</size>
         <input_file_ref idref="fl-8"/>
      </object_component>
      <object_component id="oc-29">
         <name>.debug_info</name>
         <load_address>0xa97</load_address>
         <run_address>0xa97</run_address>
         <size>0x4328</size>
         <input_file_ref idref="fl-7"/>
      </object_component>
      <object_component id="oc-2e">
         <name>.debug_info</name>
         <load_address>0x4dbf</load_address>
         <run_address>0x4dbf</run_address>
         <size>0x1534</size>
         <input_file_ref idref="fl-3"/>
      </object_component>
      <object_component id="oc-34">
         <name>.debug_info</name>
         <load_address>0x62f3</load_address>
         <run_address>0x62f3</run_address>
         <size>0x19c</size>
         <input_file_ref idref="fl-8"/>
      </object_component>
      <object_component id="oc-36">
         <name>.debug_info</name>
         <load_address>0x648f</load_address>
         <run_address>0x648f</run_address>
         <size>0x13f</size>
         <input_file_ref idref="fl-14a"/>
      </object_component>
      <object_component id="oc-3a">
         <name>.debug_info</name>
         <load_address>0x65ce</load_address>
         <run_address>0x65ce</run_address>
         <size>0xfe</size>
         <input_file_ref idref="fl-149"/>
      </object_component>
      <object_component id="oc-3e">
         <name>.debug_info</name>
         <load_address>0x66cc</load_address>
         <run_address>0x66cc</run_address>
         <size>0x205</size>
         <input_file_ref idref="fl-140"/>
      </object_component>
      <object_component id="oc-42">
         <name>.debug_info</name>
         <load_address>0x68d1</load_address>
         <run_address>0x68d1</run_address>
         <size>0xbe</size>
         <input_file_ref idref="fl-144"/>
      </object_component>
      <object_component id="oc-45">
         <name>.debug_info</name>
         <load_address>0x698f</load_address>
         <run_address>0x698f</run_address>
         <size>0xcd</size>
         <input_file_ref idref="fl-141"/>
      </object_component>
      <object_component id="oc-49">
         <name>.debug_info</name>
         <load_address>0x6a5c</load_address>
         <run_address>0x6a5c</run_address>
         <size>0x46</size>
         <input_file_ref idref="fl-13c"/>
      </object_component>
      <object_component id="oc-4f">
         <name>.debug_info</name>
         <load_address>0x6aa2</load_address>
         <run_address>0x6aa2</run_address>
         <size>0x46</size>
         <input_file_ref idref="fl-13e"/>
      </object_component>
      <object_component id="oc-55">
         <name>.debug_info</name>
         <load_address>0x6ae8</load_address>
         <run_address>0x6ae8</run_address>
         <size>0x318</size>
         <input_file_ref idref="fl-13d"/>
      </object_component>
      <object_component id="oc-59">
         <name>.debug_info</name>
         <load_address>0x6e00</load_address>
         <run_address>0x6e00</run_address>
         <size>0xb2</size>
         <input_file_ref idref="fl-13d"/>
      </object_component>
      <object_component id="oc-5a">
         <name>.debug_info</name>
         <load_address>0x6eb2</load_address>
         <run_address>0x6eb2</run_address>
         <size>0x39</size>
         <input_file_ref idref="fl-13d"/>
      </object_component>
      <object_component id="oc-61">
         <name>.debug_info</name>
         <load_address>0x6eeb</load_address>
         <run_address>0x6eeb</run_address>
         <size>0x1bc</size>
         <input_file_ref idref="fl-16a"/>
      </object_component>
      <object_component id="oc-64">
         <name>.debug_info</name>
         <load_address>0x70a7</load_address>
         <run_address>0x70a7</run_address>
         <size>0x4b3</size>
         <input_file_ref idref="fl-6"/>
      </object_component>
      <object_component id="oc-69">
         <name>.debug_info</name>
         <load_address>0x755a</load_address>
         <run_address>0x755a</run_address>
         <size>0x80c</size>
         <input_file_ref idref="fl-c"/>
      </object_component>
      <object_component id="oc-6e">
         <name>.debug_info</name>
         <load_address>0x7d66</load_address>
         <run_address>0x7d66</run_address>
         <size>0xd1</size>
         <input_file_ref idref="fl-7"/>
      </object_component>
      <object_component id="oc-70">
         <name>.debug_info</name>
         <load_address>0x7e37</load_address>
         <run_address>0x7e37</run_address>
         <size>0xd7</size>
         <input_file_ref idref="fl-7"/>
      </object_component>
      <object_component id="oc-72">
         <name>.debug_info</name>
         <load_address>0x7f0e</load_address>
         <run_address>0x7f0e</run_address>
         <size>0xd3</size>
         <input_file_ref idref="fl-7"/>
      </object_component>
      <object_component id="oc-74">
         <name>.debug_info</name>
         <load_address>0x7fe1</load_address>
         <run_address>0x7fe1</run_address>
         <size>0xd9</size>
         <input_file_ref idref="fl-7"/>
      </object_component>
      <object_component id="oc-76">
         <name>.debug_info</name>
         <load_address>0x80ba</load_address>
         <run_address>0x80ba</run_address>
         <size>0x88c</size>
         <input_file_ref idref="fl-7"/>
      </object_component>
      <object_component id="oc-78">
         <name>.debug_info</name>
         <load_address>0x8946</load_address>
         <run_address>0x8946</run_address>
         <size>0x20f</size>
         <input_file_ref idref="fl-142"/>
      </object_component>
      <object_component id="oc-7c">
         <name>.debug_info</name>
         <load_address>0x8b55</load_address>
         <run_address>0x8b55</run_address>
         <size>0xe7</size>
         <input_file_ref idref="fl-7"/>
      </object_component>
      <object_component id="oc-7e">
         <name>.debug_info</name>
         <load_address>0x8c3c</load_address>
         <run_address>0x8c3c</run_address>
         <size>0xd7</size>
         <input_file_ref idref="fl-7"/>
      </object_component>
      <object_component id="oc-80">
         <name>.debug_info</name>
         <load_address>0x8d13</load_address>
         <run_address>0x8d13</run_address>
         <size>0x142</size>
         <input_file_ref idref="fl-7"/>
      </object_component>
      <object_component id="oc-82">
         <name>.debug_info</name>
         <load_address>0x8e55</load_address>
         <run_address>0x8e55</run_address>
         <size>0xcd</size>
         <input_file_ref idref="fl-7"/>
      </object_component>
      <object_component id="oc-84">
         <name>.debug_info</name>
         <load_address>0x8f22</load_address>
         <run_address>0x8f22</run_address>
         <size>0x753</size>
         <input_file_ref idref="fl-2"/>
      </object_component>
      <object_component id="oc-89">
         <name>.debug_info</name>
         <load_address>0x9675</load_address>
         <run_address>0x9675</run_address>
         <size>0x393</size>
         <input_file_ref idref="fl-5"/>
      </object_component>
      <object_component id="oc-8e">
         <name>.debug_info</name>
         <load_address>0x9a08</load_address>
         <run_address>0x9a08</run_address>
         <size>0x28f</size>
         <input_file_ref idref="fl-9"/>
      </object_component>
      <object_component id="oc-90">
         <name>.debug_info</name>
         <load_address>0x9c97</load_address>
         <run_address>0x9c97</run_address>
         <size>0x90</size>
         <input_file_ref idref="fl-2"/>
      </object_component>
      <object_component id="oc-95">
         <name>.debug_info</name>
         <load_address>0x9d27</load_address>
         <run_address>0x9d27</run_address>
         <size>0x6d5</size>
         <input_file_ref idref="fl-7"/>
      </object_component>
      <object_component id="oc-97">
         <name>.debug_info</name>
         <load_address>0xa3fc</load_address>
         <run_address>0xa3fc</run_address>
         <size>0x237</size>
         <input_file_ref idref="fl-3"/>
      </object_component>
      <object_component id="oc-99">
         <name>.debug_info</name>
         <load_address>0xa633</load_address>
         <run_address>0xa633</run_address>
         <size>0xf5</size>
         <input_file_ref idref="fl-3"/>
      </object_component>
      <object_component id="oc-9b">
         <name>.debug_info</name>
         <load_address>0xa728</load_address>
         <run_address>0xa728</run_address>
         <size>0x13f</size>
         <input_file_ref idref="fl-3"/>
      </object_component>
      <object_component id="oc-9d">
         <name>.debug_info</name>
         <load_address>0xa867</load_address>
         <run_address>0xa867</run_address>
         <size>0xf7</size>
         <input_file_ref idref="fl-3"/>
      </object_component>
      <object_component id="oc-9f">
         <name>.debug_info</name>
         <load_address>0xa95e</load_address>
         <run_address>0xa95e</run_address>
         <size>0x194</size>
         <input_file_ref idref="fl-13a"/>
      </object_component>
      <object_component id="oc-a3">
         <name>.debug_info</name>
         <load_address>0xaaf2</load_address>
         <run_address>0xaaf2</run_address>
         <size>0x139</size>
         <input_file_ref idref="fl-146"/>
      </object_component>
      <object_component id="oc-a7">
         <name>.debug_info</name>
         <load_address>0xac2b</load_address>
         <run_address>0xac2b</run_address>
         <size>0x219</size>
         <input_file_ref idref="fl-143"/>
      </object_component>
      <object_component id="oc-ab">
         <name>.debug_info</name>
         <load_address>0xae44</load_address>
         <run_address>0xae44</run_address>
         <size>0xf7</size>
         <input_file_ref idref="fl-145"/>
      </object_component>
      <object_component id="oc-af">
         <name>.debug_info</name>
         <load_address>0xaf3b</load_address>
         <run_address>0xaf3b</run_address>
         <size>0x22f</size>
         <input_file_ref idref="fl-3"/>
      </object_component>
      <object_component id="oc-b2">
         <name>.debug_info</name>
         <load_address>0xb16a</load_address>
         <run_address>0xb16a</run_address>
         <size>0x1df</size>
         <input_file_ref idref="fl-3"/>
      </object_component>
      <object_component id="oc-b7">
         <name>.debug_info</name>
         <load_address>0xb349</load_address>
         <run_address>0xb349</run_address>
         <size>0x18b</size>
         <input_file_ref idref="fl-8"/>
      </object_component>
      <object_component id="oc-bd">
         <name>.debug_info</name>
         <load_address>0xb4d4</load_address>
         <run_address>0xb4d4</run_address>
         <size>0x191</size>
         <input_file_ref idref="fl-14b"/>
      </object_component>
      <object_component id="oc-c2">
         <name>.debug_info</name>
         <load_address>0xb665</load_address>
         <run_address>0xb665</run_address>
         <size>0x90</size>
         <input_file_ref idref="fl-142"/>
      </object_component>
      <object_component id="oc-c8">
         <name>.debug_info</name>
         <load_address>0xb6f5</load_address>
         <run_address>0xb6f5</run_address>
         <size>0xc8</size>
         <input_file_ref idref="fl-147"/>
      </object_component>
      <object_component id="oc-ca">
         <name>.debug_info</name>
         <load_address>0xb7bd</load_address>
         <run_address>0xb7bd</run_address>
         <size>0xdb</size>
         <input_file_ref idref="fl-140"/>
      </object_component>
      <object_component id="oc-cc">
         <name>.debug_info</name>
         <load_address>0xb898</load_address>
         <run_address>0xb898</run_address>
         <size>0x89</size>
         <input_file_ref idref="fl-13c"/>
      </object_component>
      <object_component id="oc-d3">
         <name>.debug_info</name>
         <load_address>0xb921</load_address>
         <run_address>0xb921</run_address>
         <size>0x83</size>
         <input_file_ref idref="fl-144"/>
      </object_component>
      <object_component id="oc-d9">
         <name>.debug_info</name>
         <load_address>0xb9a4</load_address>
         <run_address>0xb9a4</run_address>
         <size>0x46</size>
         <input_file_ref idref="fl-13c"/>
      </object_component>
      <object_component id="oc-de">
         <name>.debug_info</name>
         <load_address>0xb9ea</load_address>
         <run_address>0xb9ea</run_address>
         <size>0xe8</size>
         <input_file_ref idref="fl-13c"/>
      </object_component>
      <object_component id="oc-df">
         <name>.debug_info</name>
         <load_address>0xbad2</load_address>
         <run_address>0xbad2</run_address>
         <size>0x2c</size>
         <input_file_ref idref="fl-13d"/>
      </object_component>
      <object_component id="oc-e4">
         <name>.debug_info</name>
         <load_address>0xbafe</load_address>
         <run_address>0xbafe</run_address>
         <size>0xa8</size>
         <input_file_ref idref="fl-13e"/>
      </object_component>
      <object_component id="oc-e6">
         <name>.debug_info</name>
         <load_address>0xbba6</load_address>
         <run_address>0xbba6</run_address>
         <size>0x84</size>
         <input_file_ref idref="fl-13d"/>
      </object_component>
      <object_component id="oc-ef">
         <name>.debug_info</name>
         <load_address>0xbc2a</load_address>
         <run_address>0xbc2a</run_address>
         <size>0xf6</size>
         <input_file_ref idref="fl-13a"/>
      </object_component>
      <object_component id="oc-f4">
         <name>.debug_info</name>
         <load_address>0xbd20</load_address>
         <run_address>0xbd20</run_address>
         <size>0x62</size>
         <input_file_ref idref="fl-16a"/>
      </object_component>
      <object_component id="oc-fa">
         <name>.debug_info</name>
         <load_address>0xbd82</load_address>
         <run_address>0xbd82</run_address>
         <size>0x100</size>
         <input_file_ref idref="fl-6"/>
      </object_component>
      <object_component id="oc-fc">
         <name>.debug_info</name>
         <load_address>0xbe82</load_address>
         <run_address>0xbe82</run_address>
         <size>0xe2</size>
         <input_file_ref idref="fl-c"/>
      </object_component>
      <object_component id="oc-fe">
         <name>.debug_info</name>
         <load_address>0xbf64</load_address>
         <run_address>0xbf64</run_address>
         <size>0x131</size>
         <input_file_ref idref="fl-c"/>
      </object_component>
      <object_component id="oc-100">
         <name>.debug_info</name>
         <load_address>0xc095</load_address>
         <run_address>0xc095</run_address>
         <size>0x122</size>
         <input_file_ref idref="fl-c"/>
      </object_component>
      <object_component id="oc-106">
         <name>.debug_info</name>
         <load_address>0xc1b7</load_address>
         <run_address>0xc1b7</run_address>
         <size>0xd5</size>
         <input_file_ref idref="fl-7"/>
      </object_component>
      <object_component id="oc-108">
         <name>.debug_info</name>
         <load_address>0xc28c</load_address>
         <run_address>0xc28c</run_address>
         <size>0xd5</size>
         <input_file_ref idref="fl-7"/>
      </object_component>
      <object_component id="oc-10a">
         <name>.debug_info</name>
         <load_address>0xc361</load_address>
         <run_address>0xc361</run_address>
         <size>0xd7</size>
         <input_file_ref idref="fl-7"/>
      </object_component>
      <object_component id="oc-10c">
         <name>.debug_info</name>
         <load_address>0xc438</load_address>
         <run_address>0xc438</run_address>
         <size>0xd9</size>
         <input_file_ref idref="fl-7"/>
      </object_component>
      <object_component id="oc-10e">
         <name>.debug_info</name>
         <load_address>0xc511</load_address>
         <run_address>0xc511</run_address>
         <size>0xd9</size>
         <input_file_ref idref="fl-7"/>
      </object_component>
      <object_component id="oc-110">
         <name>.debug_info</name>
         <load_address>0xc5ea</load_address>
         <run_address>0xc5ea</run_address>
         <size>0xd9</size>
         <input_file_ref idref="fl-7"/>
      </object_component>
      <object_component id="oc-117">
         <name>.debug_info</name>
         <load_address>0xc6c3</load_address>
         <run_address>0xc6c3</run_address>
         <size>0x2c3</size>
         <input_file_ref idref="fl-7"/>
      </object_component>
      <object_component id="oc-11d">
         <name>.debug_info</name>
         <load_address>0xc986</load_address>
         <run_address>0xc986</run_address>
         <size>0x22f</size>
         <input_file_ref idref="fl-152"/>
      </object_component>
      <object_component id="oc-121">
         <name>.debug_info</name>
         <load_address>0xcbb5</load_address>
         <run_address>0xcbb5</run_address>
         <size>0x2e0</size>
         <input_file_ref idref="fl-153"/>
      </object_component>
      <object_component id="oc-125">
         <name>.debug_info</name>
         <load_address>0xce95</load_address>
         <run_address>0xce95</run_address>
         <size>0x172c</size>
         <input_file_ref idref="fl-148"/>
      </object_component>
      <object_component id="oc-129">
         <name>.debug_info</name>
         <load_address>0xe5c1</load_address>
         <run_address>0xe5c1</run_address>
         <size>0xac</size>
         <input_file_ref idref="fl-14c"/>
      </object_component>
      <object_component id="oc-12b">
         <name>.debug_info</name>
         <load_address>0xe66d</load_address>
         <run_address>0xe66d</run_address>
         <size>0x1e7</size>
         <input_file_ref idref="fl-142"/>
      </object_component>
      <object_component id="oc-135">
         <name>.debug_info</name>
         <load_address>0xe854</load_address>
         <run_address>0xe854</run_address>
         <size>0xdd</size>
         <input_file_ref idref="fl-2"/>
      </object_component>
      <object_component id="oc-137">
         <name>.debug_info</name>
         <load_address>0xe931</load_address>
         <run_address>0xe931</run_address>
         <size>0x102</size>
         <input_file_ref idref="fl-2"/>
      </object_component>
      <object_component id="oc-139">
         <name>.debug_info</name>
         <load_address>0xea33</load_address>
         <run_address>0xea33</run_address>
         <size>0xdb</size>
         <input_file_ref idref="fl-2"/>
      </object_component>
      <object_component id="oc-13b">
         <name>.debug_info</name>
         <load_address>0xeb0e</load_address>
         <run_address>0xeb0e</run_address>
         <size>0x126</size>
         <input_file_ref idref="fl-2"/>
      </object_component>
      <object_component id="oc-13c">
         <name>.debug_info</name>
         <load_address>0xec34</load_address>
         <run_address>0xec34</run_address>
         <size>0x2c3</size>
         <input_file_ref idref="fl-2"/>
      </object_component>
      <object_component id="oc-142">
         <name>.debug_info</name>
         <load_address>0xeef7</load_address>
         <run_address>0xeef7</run_address>
         <size>0x113</size>
         <input_file_ref idref="fl-4"/>
      </object_component>
      <object_component id="oc-144">
         <name>.debug_info</name>
         <load_address>0xf00a</load_address>
         <run_address>0xf00a</run_address>
         <size>0x1a7</size>
         <input_file_ref idref="fl-a"/>
      </object_component>
      <object_component id="oc-146">
         <name>.debug_info</name>
         <load_address>0xf1b1</load_address>
         <run_address>0xf1b1</run_address>
         <size>0x1db</size>
         <input_file_ref idref="fl-5"/>
      </object_component>
      <object_component id="oc-148">
         <name>.debug_info</name>
         <load_address>0xf38c</load_address>
         <run_address>0xf38c</run_address>
         <size>0x84</size>
         <input_file_ref idref="fl-5"/>
      </object_component>
      <object_component id="oc-14d">
         <name>.debug_info</name>
         <load_address>0xf410</load_address>
         <run_address>0xf410</run_address>
         <size>0x296</size>
         <input_file_ref idref="fl-5"/>
      </object_component>
      <object_component id="oc-150">
         <name>.debug_info</name>
         <load_address>0xf6a6</load_address>
         <run_address>0xf6a6</run_address>
         <size>0x164</size>
         <input_file_ref idref="fl-9"/>
      </object_component>
      <object_component id="oc-153">
         <name>.debug_info</name>
         <load_address>0xf80a</load_address>
         <run_address>0xf80a</run_address>
         <size>0x641</size>
         <input_file_ref idref="fl-3"/>
      </object_component>
      <object_component id="oc-158">
         <name>.debug_info</name>
         <load_address>0xfe4b</load_address>
         <run_address>0xfe4b</run_address>
         <size>0x2e7</size>
         <input_file_ref idref="fl-3"/>
      </object_component>
      <object_component id="oc-15d">
         <name>.debug_info</name>
         <load_address>0x10132</load_address>
         <run_address>0x10132</run_address>
         <size>0xc8</size>
         <input_file_ref idref="fl-2"/>
      </object_component>
      <object_component id="oc-168">
         <name>.debug_info</name>
         <load_address>0x101fa</load_address>
         <run_address>0x101fa</run_address>
         <size>0xd5</size>
         <input_file_ref idref="fl-3"/>
      </object_component>
      <object_component id="oc-170">
         <name>.debug_info</name>
         <load_address>0x102cf</load_address>
         <run_address>0x102cf</run_address>
         <size>0xaf</size>
         <input_file_ref idref="fl-13f"/>
      </object_component>
      <object_component id="oc-172">
         <name>.debug_info</name>
         <load_address>0x1037e</load_address>
         <run_address>0x1037e</run_address>
         <size>0x8b</size>
         <input_file_ref idref="fl-13a"/>
      </object_component>
      <object_component id="oc-177">
         <name>.debug_info</name>
         <load_address>0x10409</load_address>
         <run_address>0x10409</run_address>
         <size>0xc5</size>
         <input_file_ref idref="fl-13a"/>
      </object_component>
      <object_component id="oc-17a">
         <name>.debug_info</name>
         <load_address>0x104ce</load_address>
         <run_address>0x104ce</run_address>
         <size>0x16d</size>
         <input_file_ref idref="fl-143"/>
      </object_component>
      <object_component id="oc-17e">
         <name>.debug_info</name>
         <load_address>0x1063b</load_address>
         <run_address>0x1063b</run_address>
         <size>0x89</size>
         <input_file_ref idref="fl-8"/>
      </object_component>
      <object_component id="oc-184">
         <name>.debug_info</name>
         <load_address>0x106c4</load_address>
         <run_address>0x106c4</run_address>
         <size>0x143</size>
         <input_file_ref idref="fl-14b"/>
      </object_component>
      <object_component id="oc-186">
         <name>.debug_info</name>
         <load_address>0x10807</load_address>
         <run_address>0x10807</run_address>
         <size>0x1ba</size>
         <input_file_ref idref="fl-147"/>
      </object_component>
      <object_component id="oc-18b">
         <name>.debug_info</name>
         <load_address>0x109c1</load_address>
         <run_address>0x109c1</run_address>
         <size>0xd4</size>
         <input_file_ref idref="fl-147"/>
      </object_component>
      <object_component id="oc-18e">
         <name>.debug_info</name>
         <load_address>0x10a95</load_address>
         <run_address>0x10a95</run_address>
         <size>0x131</size>
         <input_file_ref idref="fl-140"/>
      </object_component>
      <object_component id="oc-19b">
         <name>.debug_info</name>
         <load_address>0x10bc6</load_address>
         <run_address>0x10bc6</run_address>
         <size>0x7d</size>
         <input_file_ref idref="fl-c"/>
      </object_component>
      <object_component id="oc-1ad">
         <name>.debug_info</name>
         <load_address>0x10c43</load_address>
         <run_address>0x10c43</run_address>
         <size>0x195</size>
         <input_file_ref idref="fl-164"/>
      </object_component>
      <object_component id="oc-1b1">
         <name>.debug_info</name>
         <load_address>0x10dd8</load_address>
         <run_address>0x10dd8</run_address>
         <size>0x1f9</size>
         <input_file_ref idref="fl-165"/>
      </object_component>
      <object_component id="oc-1b5">
         <name>.debug_info</name>
         <load_address>0x10fd1</load_address>
         <run_address>0x10fd1</run_address>
         <size>0xa69</size>
         <input_file_ref idref="fl-156"/>
      </object_component>
      <object_component id="oc-1b9">
         <name>.debug_info</name>
         <load_address>0x11a3a</load_address>
         <run_address>0x11a3a</run_address>
         <size>0x17f</size>
         <input_file_ref idref="fl-152"/>
      </object_component>
      <object_component id="oc-1bb">
         <name>.debug_info</name>
         <load_address>0x11bb9</load_address>
         <run_address>0x11bb9</run_address>
         <size>0x194</size>
         <input_file_ref idref="fl-15d"/>
      </object_component>
      <object_component id="oc-1bf">
         <name>.debug_info</name>
         <load_address>0x11d4d</load_address>
         <run_address>0x11d4d</run_address>
         <size>0x1b0</size>
         <input_file_ref idref="fl-159"/>
      </object_component>
      <object_component id="oc-1c3">
         <name>.debug_info</name>
         <load_address>0x11efd</load_address>
         <run_address>0x11efd</run_address>
         <size>0x204</size>
         <input_file_ref idref="fl-153"/>
      </object_component>
      <object_component id="oc-1c5">
         <name>.debug_info</name>
         <load_address>0x12101</load_address>
         <run_address>0x12101</run_address>
         <size>0x13c</size>
         <input_file_ref idref="fl-161"/>
      </object_component>
      <object_component id="oc-1c9">
         <name>.debug_info</name>
         <load_address>0x1223d</load_address>
         <run_address>0x1223d</run_address>
         <size>0xd6</size>
         <input_file_ref idref="fl-155"/>
      </object_component>
      <object_component id="oc-1cd">
         <name>.debug_info</name>
         <load_address>0x12313</load_address>
         <run_address>0x12313</run_address>
         <size>0xdc</size>
         <input_file_ref idref="fl-14e"/>
      </object_component>
      <object_component id="oc-1d1">
         <name>.debug_info</name>
         <load_address>0x123ef</load_address>
         <run_address>0x123ef</run_address>
         <size>0xee</size>
         <input_file_ref idref="fl-150"/>
      </object_component>
      <object_component id="oc-1d5">
         <name>.debug_info</name>
         <load_address>0x124dd</load_address>
         <run_address>0x124dd</run_address>
         <size>0xee</size>
         <input_file_ref idref="fl-14f"/>
      </object_component>
      <object_component id="oc-1d9">
         <name>.debug_info</name>
         <load_address>0x125cb</load_address>
         <run_address>0x125cb</run_address>
         <size>0xe2</size>
         <input_file_ref idref="fl-151"/>
      </object_component>
      <object_component id="oc-1dd">
         <name>.debug_info</name>
         <load_address>0x126ad</load_address>
         <run_address>0x126ad</run_address>
         <size>0x15a</size>
         <input_file_ref idref="fl-157"/>
      </object_component>
      <object_component id="oc-1e1">
         <name>.debug_info</name>
         <load_address>0x12807</load_address>
         <run_address>0x12807</run_address>
         <size>0xe0</size>
         <input_file_ref idref="fl-154"/>
      </object_component>
      <object_component id="oc-1e5">
         <name>.debug_info</name>
         <load_address>0x128e7</load_address>
         <run_address>0x128e7</run_address>
         <size>0x100</size>
         <input_file_ref idref="fl-14d"/>
      </object_component>
      <object_component id="oc-1e9">
         <name>.debug_info</name>
         <load_address>0x129e7</load_address>
         <run_address>0x129e7</run_address>
         <size>0xfe</size>
         <input_file_ref idref="fl-15a"/>
      </object_component>
      <object_component id="oc-1ed">
         <name>.debug_info</name>
         <load_address>0x12ae5</load_address>
         <run_address>0x12ae5</run_address>
         <size>0x108</size>
         <input_file_ref idref="fl-162"/>
      </object_component>
      <object_component id="oc-1f1">
         <name>.debug_info</name>
         <load_address>0x12bed</load_address>
         <run_address>0x12bed</run_address>
         <size>0x183</size>
         <input_file_ref idref="fl-158"/>
      </object_component>
      <object_component id="oc-1f5">
         <name>.debug_info</name>
         <load_address>0x12d70</load_address>
         <run_address>0x12d70</run_address>
         <size>0x22a</size>
         <input_file_ref idref="fl-148"/>
      </object_component>
      <object_component id="oc-1f6">
         <name>.debug_info</name>
         <load_address>0x12f9a</load_address>
         <run_address>0x12f9a</run_address>
         <size>0x4e</size>
         <input_file_ref idref="fl-142"/>
      </object_component>
      <object_component id="oc-1fb">
         <name>.debug_info</name>
         <load_address>0x12fe8</load_address>
         <run_address>0x12fe8</run_address>
         <size>0x70</size>
         <input_file_ref idref="fl-148"/>
      </object_component>
      <object_component id="oc-202">
         <name>.debug_info</name>
         <load_address>0x13058</load_address>
         <run_address>0x13058</run_address>
         <size>0xcb</size>
         <input_file_ref idref="fl-14c"/>
      </object_component>
      <object_component id="oc-205">
         <name>.debug_info</name>
         <load_address>0x13123</load_address>
         <run_address>0x13123</run_address>
         <size>0xc8</size>
         <input_file_ref idref="fl-142"/>
      </object_component>
      <object_component id="oc-214">
         <name>.debug_info</name>
         <load_address>0x131eb</load_address>
         <run_address>0x131eb</run_address>
         <size>0xd9</size>
         <input_file_ref idref="fl-4"/>
      </object_component>
      <object_component id="oc-217">
         <name>.debug_info</name>
         <load_address>0x132c4</load_address>
         <run_address>0x132c4</run_address>
         <size>0xf9</size>
         <input_file_ref idref="fl-a"/>
      </object_component>
      <object_component id="oc-21c">
         <name>.debug_info</name>
         <load_address>0x133bd</load_address>
         <run_address>0x133bd</run_address>
         <size>0x1c5</size>
         <input_file_ref idref="fl-5"/>
      </object_component>
      <object_component id="oc-221">
         <name>.debug_info</name>
         <load_address>0x13582</load_address>
         <run_address>0x13582</run_address>
         <size>0x391</size>
         <input_file_ref idref="fl-3"/>
      </object_component>
      <object_component id="oc-226">
         <name>.debug_info</name>
         <load_address>0x13913</load_address>
         <run_address>0x13913</run_address>
         <size>0x419</size>
         <input_file_ref idref="fl-5"/>
      </object_component>
      <object_component id="oc-22f">
         <name>.debug_info</name>
         <load_address>0x13d2c</load_address>
         <run_address>0x13d2c</run_address>
         <size>0xa3</size>
         <input_file_ref idref="fl-13f"/>
      </object_component>
      <object_component id="oc-236">
         <name>.debug_info</name>
         <load_address>0x13dcf</load_address>
         <run_address>0x13dcf</run_address>
         <size>0xcd</size>
         <input_file_ref idref="fl-14b"/>
      </object_component>
      <object_component id="oc-241">
         <name>.debug_info</name>
         <load_address>0x13e9c</load_address>
         <run_address>0x13e9c</run_address>
         <size>0x157</size>
         <input_file_ref idref="fl-166"/>
      </object_component>
      <object_component id="oc-245">
         <name>.debug_info</name>
         <load_address>0x13ff3</load_address>
         <run_address>0x13ff3</run_address>
         <size>0x165</size>
         <input_file_ref idref="fl-167"/>
      </object_component>
      <object_component id="oc-249">
         <name>.debug_info</name>
         <load_address>0x14158</load_address>
         <run_address>0x14158</run_address>
         <size>0x107</size>
         <input_file_ref idref="fl-164"/>
      </object_component>
      <object_component id="oc-24b">
         <name>.debug_info</name>
         <load_address>0x1425f</load_address>
         <run_address>0x1425f</run_address>
         <size>0x131</size>
         <input_file_ref idref="fl-14c"/>
      </object_component>
      <object_component id="oc-24d">
         <name>.debug_info</name>
         <load_address>0x14390</load_address>
         <run_address>0x14390</run_address>
         <size>0x150</size>
         <input_file_ref idref="fl-165"/>
      </object_component>
      <object_component id="oc-24f">
         <name>.debug_info</name>
         <load_address>0x144e0</load_address>
         <run_address>0x144e0</run_address>
         <size>0x1b6</size>
         <input_file_ref idref="fl-15c"/>
      </object_component>
      <object_component id="oc-253">
         <name>.debug_info</name>
         <load_address>0x14696</load_address>
         <run_address>0x14696</run_address>
         <size>0x1b1</size>
         <input_file_ref idref="fl-15b"/>
      </object_component>
      <object_component id="oc-257">
         <name>.debug_info</name>
         <load_address>0x14847</load_address>
         <run_address>0x14847</run_address>
         <size>0x217</size>
         <input_file_ref idref="fl-15e"/>
      </object_component>
      <object_component id="oc-25b">
         <name>.debug_info</name>
         <load_address>0x14a5e</load_address>
         <run_address>0x14a5e</run_address>
         <size>0xcb</size>
         <input_file_ref idref="fl-156"/>
      </object_component>
      <object_component id="oc-25d">
         <name>.debug_info</name>
         <load_address>0x14b29</load_address>
         <run_address>0x14b29</run_address>
         <size>0x407</size>
         <input_file_ref idref="fl-156"/>
      </object_component>
      <object_component id="oc-25e">
         <name>.debug_info</name>
         <load_address>0x14f30</load_address>
         <run_address>0x14f30</run_address>
         <size>0x2c</size>
         <input_file_ref idref="fl-152"/>
      </object_component>
      <object_component id="oc-266">
         <name>.debug_info</name>
         <load_address>0x14f5c</load_address>
         <run_address>0x14f5c</run_address>
         <size>0x9a</size>
         <input_file_ref idref="fl-15d"/>
      </object_component>
      <object_component id="oc-268">
         <name>.debug_info</name>
         <load_address>0x14ff6</load_address>
         <run_address>0x14ff6</run_address>
         <size>0xa0</size>
         <input_file_ref idref="fl-159"/>
      </object_component>
      <object_component id="oc-26b">
         <name>.debug_info</name>
         <load_address>0x15096</load_address>
         <run_address>0x15096</run_address>
         <size>0xbb</size>
         <input_file_ref idref="fl-153"/>
      </object_component>
      <object_component id="oc-277">
         <name>.debug_info</name>
         <load_address>0x15151</load_address>
         <run_address>0x15151</run_address>
         <size>0xe9</size>
         <input_file_ref idref="fl-157"/>
      </object_component>
      <object_component id="oc-27c">
         <name>.debug_info</name>
         <load_address>0x1523a</load_address>
         <run_address>0x1523a</run_address>
         <size>0x106</size>
         <input_file_ref idref="fl-163"/>
      </object_component>
      <object_component id="oc-281">
         <name>.debug_info</name>
         <load_address>0x15340</load_address>
         <run_address>0x15340</run_address>
         <size>0xa1</size>
         <input_file_ref idref="fl-158"/>
      </object_component>
      <object_component id="oc-284">
         <name>.debug_info</name>
         <load_address>0x153e1</load_address>
         <run_address>0x153e1</run_address>
         <size>0x101</size>
         <input_file_ref idref="fl-143"/>
      </object_component>
      <object_component id="oc-289">
         <name>.debug_info</name>
         <load_address>0x154e2</load_address>
         <run_address>0x154e2</run_address>
         <size>0x18b</size>
         <input_file_ref idref="fl-148"/>
      </object_component>
      <object_component id="oc-292">
         <name>.debug_info</name>
         <load_address>0x1566d</load_address>
         <run_address>0x1566d</run_address>
         <size>0x418</size>
         <input_file_ref idref="fl-4"/>
      </object_component>
      <object_component id="oc-297">
         <name>.debug_info</name>
         <load_address>0x15a85</load_address>
         <run_address>0x15a85</run_address>
         <size>0x83</size>
         <input_file_ref idref="fl-4"/>
      </object_component>
      <object_component id="oc-29e">
         <name>.debug_info</name>
         <load_address>0x15b08</load_address>
         <run_address>0x15b08</run_address>
         <size>0x1c4</size>
         <input_file_ref idref="fl-a"/>
      </object_component>
      <object_component id="oc-2a6">
         <name>.debug_info</name>
         <load_address>0x15ccc</load_address>
         <run_address>0x15ccc</run_address>
         <size>0x128</size>
         <input_file_ref idref="fl-166"/>
      </object_component>
      <object_component id="oc-2a8">
         <name>.debug_info</name>
         <load_address>0x15df4</load_address>
         <run_address>0x15df4</run_address>
         <size>0x81b</size>
         <input_file_ref idref="fl-16a"/>
[...]
         <object_component_ref idref="oc-8d"/>
      </symbol>
      <symbol id="sm-571">
         <name>PORTF_GPIOIM_R</name>
         <value>0x5fdc</value>
         <object_component_ref idref="oc-8d"/>
      </symbol>
      <symbol id="sm-572">
         <name>PORTF_GPIOAFSEL_R</name>
         <value>0x5fe4</value>
         <object_component_ref idref="oc-8d"/>
      </symbol>
      <symbol id="sm-573">
         <name>PORTF_GPIOIBE_R</name>
         <value>0x5fd4</value>
         <object_component_ref idref="oc-8d"/>
      </symbol>
      <symbol id="sm-586">
         <name>PORTE_GPIOAFSEL_R</name>
         <value>0x6018</value>
         <object_component_ref idref="oc-143"/>
      </symbol>
      <symbol id="sm-587">
         <name>PORTE_GPIOPCTL_R</name>
         <value>0x6020</value>
         <object_component_ref idref="oc-143"/>
      </symbol>
      <symbol id="sm-588">
         <name>PORTE_GPIODEN_R</name>
         <value>0x601c</value>
         <object_component_ref idref="oc-143"/>
      </symbol>
      <symbol id="sm-589">
         <name>PORTE_GPIODR_R</name>
         <value>0x6010</value>
         <object_component_ref idref="oc-143"/>
      </symbol>
      <symbol id="sm-58a">
         <name>PORTE_GPIODIR_R</name>
         <value>0x6014</value>
         <object_component_ref idref="oc-143"/>
      </symbol>
      <symbol id="sm-605">
         <name>LAST_DATA_ADDRESS</name>
         <value>0x20013548</value>
         <object_component_ref idref="oc-fd"/>
      </symbol>
      <symbol id="sm-606">
         <name>num_blocks_available</name>
         <value>0x2001354c</value>
         <object_component_ref idref="oc-fd"/>
      </symbol>
      <symbol id="sm-607">
         <name>help</name>
         <value>0x3dd5</value>
         <object_component_ref idref="oc-68"/>
      </symbol>
      <symbol id="sm-608">
         <name>show</name>
         <value>0x3dd3</value>
         <object_component_ref idref="oc-68"/>
      </symbol>
      <symbol id="sm-609">
         <name>initialize</name>
         <value>0x3959</value>
         <object_component_ref idref="oc-68"/>
      </symbol>
      <symbol id="sm-60a">
         <name>deallocate</name>
         <value>0x3c9b</value>
         <object_component_ref idref="oc-68"/>
      </symbol>
      <symbol id="sm-60b">
         <name>blocks</name>
         <value>0x20011000</value>
         <object_component_ref idref="oc-fb"/>
      </symbol>
      <symbol id="sm-60c">
         <name>allocate</name>
         <value>0x3b51</value>
         <object_component_ref idref="oc-68"/>
      </symbol>
      <symbol id="sm-62b">
         <name>atoi</name>
         <value>0x5b79</value>
         <object_component_ref idref="oc-9e"/>
      </symbol>
      <symbol id="sm-639">
         <name>_c_int00</name>
         <value>0x5d19</value>
         <object_component_ref idref="oc-10"/>
      </symbol>
      <symbol id="sm-63a">
         <name>__stack</name>
         <value>0x200135a0</value>
         <object_component_ref idref="oc-20"/>
      </symbol>
      <symbol id="sm-654">
         <name>__TI_decompress_none</name>
         <value>0x5e95</value>
         <object_component_ref idref="oc-14"/>
      </symbol>
      <symbol id="sm-67e">
         <name>__TI_decompress_rle24</name>
         <value>0x5ebd</value>
         <object_component_ref idref="oc-1c"/>
      </symbol>
      <symbol id="sm-690">
         <name>__TI_zero_init</name>
         <value>0x5e61</value>
         <object_component_ref idref="oc-18"/>
      </symbol>
      <symbol id="sm-69a">
         <name>_ctypes_</name>
         <value>0x5ec4</value>
         <object_component_ref idref="oc-16f"/>
      </symbol>
      <symbol id="sm-6b5">
         <name>C$$EXIT</name>
         <value>0x5cd9</value>
         <object_component_ref idref="oc-3d"/>
      </symbol>
      <symbol id="sm-6b6">
         <name>_dtors_ptr</name>
         <value>0x20013594</value>
         <object_component_ref idref="oc-c9"/>
      </symbol>
      <symbol id="sm-6b7">
         <name>abort</name>
         <value>0x5cdd</value>
         <object_component_ref idref="oc-3d"/>
      </symbol>
      <symbol id="sm-6b8">
         <name>_cleanup_ptr</name>
         <value>0x20013590</value>
         <object_component_ref idref="oc-c9"/>
      </symbol>
      <symbol id="sm-6b9">
         <name>exit</name>
         <value>0x5ce5</value>
         <object_component_ref idref="oc-3d"/>
      </symbol>
      <symbol id="sm-6ce">
         <name>memcpy</name>
         <value>0x55ed</value>
         <object_component_ref idref="oc-44"/>
      </symbol>
      <symbol id="sm-6cf">
         <name>__aeabi_memcpy</name>
         <value>0x55ed</value>
         <object_component_ref idref="oc-44"/>
      </symbol>
      <symbol id="sm-6d0">
         <name>__aeabi_memcpy8</name>
         <value>0x55ed</value>
         <object_component_ref idref="oc-44"/>
      </symbol>
      <symbol id="sm-6d1">
         <name>__aeabi_memcpy4</name>
         <value>0x55ed</value>
         <object_component_ref idref="oc-44"/>
      </symbol>
      <symbol id="sm-6f7">
         <name>printf</name>
         <value>0x5939</value>
         <object_component_ref idref="oc-77"/>
      </symbol>
      <symbol id="sm-70e">
         <name>sprintf</name>
         <value>0x5a05</value>
         <object_component_ref idref="oc-a6"/>
      </symbol>
      <symbol id="sm-71a">
         <name>main_func_sp</name>
         <value>0x2001359c</value>
         <object_component_ref idref="oc-41"/>
      </symbol>
      <symbol id="sm-724">
         <name>toupper</name>
         <value>0x5e85</value>
         <object_component_ref idref="oc-aa"/>
      </symbol>
      <symbol id="sm-732">
         <name>__aeabi_uidivmod</name>
         <value>0x5c95</value>
         <object_component_ref idref="oc-a2"/>
      </symbol>
      <symbol id="sm-747">
         <name>_nop</name>
         <value>0x5e47</value>
         <object_component_ref idref="oc-185"/>
      </symbol>
      <symbol id="sm-748">
         <name>_lock</name>
         <value>0x20013588</value>
         <object_component_ref idref="oc-c7"/>
      </symbol>
      <symbol id="sm-749">
         <name>_unlock</name>
         <value>0x2001358c</value>
         <object_component_ref idref="oc-c7"/>
      </symbol>
      <symbol id="sm-74a">
         <name>_register_lock</name>
         <value>0x5e3f</value>
         <object_component_ref idref="oc-185"/>
      </symbol>
      <symbol id="sm-74b">
         <name>_register_unlock</name>
         <value>0x5e39</value>
         <object_component_ref idref="oc-185"/>
      </symbol>
      <symbol id="sm-831">
         <name>_printfi</name>
         <value>0x26c7</value>
         <object_component_ref idref="oc-124"/>
      </symbol>
      <symbol id="sm-83b">
         <name>_args_main</name>
         <value>0x5dc5</value>
         <object_component_ref idref="oc-39"/>
      </symbol>
      <symbol id="sm-855">
         <name>__TI_auto_init</name>
         <value>0x5721</value>
         <object_component_ref idref="oc-35"/>
      </symbol>
      <symbol id="sm-86c">
         <name>copy_in</name>
         <value>0x5c0d</value>
         <object_component_ref idref="oc-bc"/>
      </symbol>
      <symbol id="sm-882">
         <name>_tmpnams</name>
         <value>0x20012960</value>
         <object_component_ref idref="oc-2fd"/>
      </symbol>
      <symbol id="sm-883">
         <name>__aeabi_stdout</name>
         <value>0x20013568</value>
         <object_component_ref idref="oc-24a"/>
      </symbol>
      <symbol id="sm-884">
         <name>__aeabi_stderr</name>
         <value>0x2001356c</value>
         <object_component_ref idref="oc-24a"/>
      </symbol>
      <symbol id="sm-885">
         <name>__aeabi_stdin</name>
         <value>0x20013564</value>
         <object_component_ref idref="oc-24a"/>
      </symbol>
      <symbol id="sm-886">
         <name>_ftable</name>
         <value>0x2001313c</value>
         <object_component_ref idref="oc-128"/>
      </symbol>
      <symbol id="sm-887">
         <name>_ft_end</name>
         <value>0x20013560</value>
         <object_component_ref idref="oc-24a"/>
      </symbol>
      <symbol id="sm-89d">
         <name>__aeabi_dsub</name>
         <value>0x4e19</value>
         <object_component_ref idref="oc-1e4"/>
      </symbol>
      <symbol id="sm-89e">
         <name>__aeabi_dadd</name>
         <value>0x4e23</value>
         <object_component_ref idref="oc-1e4"/>
      </symbol>
      <symbol id="sm-8ae">
         <name>__aeabi_cdcmpeq</name>
         <value>0x5839</value>
         <object_component_ref idref="oc-1cc"/>
      </symbol>
      <symbol id="sm-8af">
         <name>__aeabi_cdcmple</name>
         <value>0x5839</value>
         <object_component_ref idref="oc-1cc"/>
      </symbol>
      <symbol id="sm-8c1">
         <name>__aeabi_ddiv</name>
         <value>0x4fcf</value>
         <object_component_ref idref="oc-1d4"/>
      </symbol>
      <symbol id="sm-8cb">
         <name>__aeabi_dmul</name>
         <value>0x5235</value>
         <object_component_ref idref="oc-1d0"/>
      </symbol>
      <symbol id="sm-8d4">
         <name>__aeabi_d2iz</name>
         <value>0x5bc5</value>
         <object_component_ref idref="oc-1d8"/>
      </symbol>
      <symbol id="sm-8ef">
         <name>putc</name>
         <value>0x55d7</value>
         <object_component_ref idref="oc-11c"/>
      </symbol>
      <symbol id="sm-8f0">
         <name>fputc</name>
         <value>0x5551</value>
         <object_component_ref idref="oc-11c"/>
      </symbol>
      <symbol id="sm-8f1">
         <name>putchar</name>
         <value>0x55db</value>
         <object_component_ref idref="oc-11c"/>
      </symbol>
      <symbol id="sm-916">
         <name>puts</name>
         <value>0x520b</value>
         <object_component_ref idref="oc-120"/>
      </symbol>
      <symbol id="sm-917">
         <name>fputs</name>
         <value>0x5105</value>
         <object_component_ref idref="oc-120"/>
      </symbol>
      <symbol id="sm-920">
         <name>__aeabi_i2d</name>
         <value>0x5d7d</value>
         <object_component_ref idref="oc-1e0"/>
      </symbol>
      <symbol id="sm-928">
         <name>__aeabi_lmul</name>
         <value>0x5ddd</value>
         <object_component_ref idref="oc-1c8"/>
      </symbol>
      <symbol id="sm-97c">
         <name>open</name>
         <value>0x43cb</value>
         <object_component_ref idref="oc-1b4"/>
      </symbol>
      <symbol id="sm-97d">
         <name>add_device</name>
         <value>0x44f9</value>
         <object_component_ref idref="oc-1b4"/>
      </symbol>
      <symbol id="sm-97e">
         <name>remove_device</name>
         <value>0x432b</value>
         <object_component_ref idref="oc-1b4"/>
      </symbol>
      <symbol id="sm-97f">
         <name>lseek</name>
         <value>0x4457</value>
         <object_component_ref idref="oc-1b4"/>
      </symbol>
      <symbol id="sm-980">
         <name>read</name>
         <value>0x4353</value>
         <object_component_ref idref="oc-1b4"/>
      </symbol>
      <symbol id="sm-981">
         <name>rename</name>
         <value>0x42ef</value>
         <object_component_ref idref="oc-1b4"/>
      </symbol>
      <symbol id="sm-982">
         <name>write</name>
         <value>0x4215</value>
         <object_component_ref idref="oc-1b4"/>
      </symbol>
      <symbol id="sm-983">
         <name>close</name>
         <value>0x44a5</value>
         <object_component_ref idref="oc-1b4"/>
      </symbol>
      <symbol id="sm-984">
         <name>unlink</name>
         <value>0x42cb</value>
         <object_component_ref idref="oc-1b4"/>
      </symbol>
      <symbol id="sm-991">
         <name>ltoa</name>
         <value>0x5b23</value>
         <object_component_ref idref="oc-1dc"/>
      </symbol>
      <symbol id="sm-99f">
         <name>memccpy</name>
         <value>0x5dab</value>
         <object_component_ref idref="oc-1f0"/>
      </symbol>
      <symbol id="sm-9ad">
         <name>memchr</name>
         <value>0x5e0d</value>
         <object_component_ref idref="oc-1be"/>
      </symbol>
      <symbol id="sm-9bb">
         <name>__aeabi_memset</name>
         <value>0x58b9</value>
         <object_component_ref idref="oc-1e8"/>
      </symbol>
      <symbol id="sm-9bc">
         <name>memset</name>
         <value>0x58bf</value>
         <object_component_ref idref="oc-1e8"/>
      </symbol>
      <symbol id="sm-9bd">
         <name>__aeabi_memset8</name>
         <value>0x58b9</value>
         <object_component_ref idref="oc-1e8"/>
      </symbol>
      <symbol id="sm-9be">
         <name>__aeabi_memset4</name>
         <value>0x58b9</value>
         <object_component_ref idref="oc-1e8"/>
      </symbol>
      <symbol id="sm-9bf">
         <name>__aeabi_memclr8</name>
         <value>0x58b7</value>
         <object_component_ref idref="oc-1e8"/>
      </symbol>
      <symbol id="sm-9c0">
         <name>__aeabi_memclr4</name>
         <value>0x58b7</value>
         <object_component_ref idref="oc-1e8"/>
      </symbol>
      <symbol id="sm-9c1">
         <name>__aeabi_memclr</name>
         <value>0x58b7</value>
         <object_component_ref idref="oc-1e8"/>
      </symbol>
      <symbol id="sm-9cf">
         <name>strchr</name>
         <value>0x5e23</value>
         <object_component_ref idref="oc-252"/>
      </symbol>
      <symbol id="sm-9dc">
         <name>strcmp</name>
         <value>0x5df5</value>
         <object_component_ref idref="oc-24e"/>
      </symbol>
      <symbol id="sm-9e8">
         <name>strlen</name>
         <value>0x5e4d</value>
         <object_component_ref idref="oc-1ba"/>
      </symbol>
      <symbol id="sm-9f6">
         <name>strncpy</name>
         <value>0x5d4d</value>
         <object_component_ref idref="oc-256"/>
      </symbol>
      <symbol id="sm-a1b">
         <name>HOSTgetenv</name>
         <value>0x47ab</value>
         <object_component_ref idref="oc-2bd"/>
      </symbol>
      <symbol id="sm-a1c">
         <name>HOSTrename</name>
         <value>0x4651</value>
         <object_component_ref idref="oc-2bd"/>
      </symbol>
      <symbol id="sm-a1d">
         <name>HOSTclose</name>
         <value>0x47e9</value>
         <object_component_ref idref="oc-2bd"/>
      </symbol>
      <symbol id="sm-a1e">
         <name>HOSTunlink</name>
         <value>0x45db</value>
         <object_component_ref idref="oc-2bd"/>
      </symbol>
      <symbol id="sm-a1f">
         <name>HOSTlseek</name>
         <value>0x474f</value>
         <object_component_ref idref="oc-2bd"/>
      </symbol>
      <symbol id="sm-a20">
         <name>HOSTopen</name>
         <value>0x46ff</value>
         <object_component_ref idref="oc-2bd"/>
      </symbol>
      <symbol id="sm-a21">
         <name>HOSTclock</name>
         <value>0x4823</value>
         <object_component_ref idref="oc-2bd"/>
      </symbol>
      <symbol id="sm-a22">
         <name>HOSTwrite</name>
         <value>0x458d</value>
         <object_component_ref idref="oc-2bd"/>
      </symbol>
      <symbol id="sm-a23">
         <name>HOSTread</name>
         <value>0x46b1</value>
         <object_component_ref idref="oc-2bd"/>
      </symbol>
      <symbol id="sm-a24">
         <name>HOSTtime</name>
         <value>0x4615</value>
         <object_component_ref idref="oc-2bd"/>
      </symbol>
      <symbol id="sm-a3c">
         <name>writemsg</name>
         <value>0x5a65</value>
         <object_component_ref idref="oc-2e8"/>
      </symbol>
      <symbol id="sm-a3d">
         <name>C$$IO$$</name>
         <value>0x5a8f</value>
         <object_component_ref idref="oc-2e8"/>
      </symbol>
      <symbol id="sm-a3e">
         <name>__CIOBUF_</name>
         <value>0x20012790</value>
         <object_component_ref idref="oc-303"/>
      </symbol>
      <symbol id="sm-a3f">
         <name>readmsg</name>
         <value>0x5a93</value>
         <object_component_ref idref="oc-2e8"/>
      </symbol>
      <symbol id="sm-a5a">
         <name>__aeabi_uldivmod</name>
         <value>0x4871</value>
         <object_component_ref idref="oc-1c4"/>
      </symbol>
      <symbol id="sm-a62">
         <name>_Dclass</name>
         <value>0x5ea3</value>
         <object_component_ref idref="oc-1ec"/>
      </symbol>
      <symbol id="sm-a72">
         <name>_Dtest</name>
         <value>0x5c51</value>
         <object_component_ref idref="oc-27b"/>
      </symbol>
      <symbol id="sm-a89">
         <name>_wrt_ok</name>
         <value>0x53fd</value>
         <object_component_ref idref="oc-1ac"/>
      </symbol>
      <symbol id="sm-a8a">
         <name>_rd_ok</name>
         <value>0x545f</value>
         <object_component_ref idref="oc-1ac"/>
      </symbol>
      <symbol id="sm-aa2">
         <name>fflush</name>
         <value>0x54f5</value>
         <object_component_ref idref="oc-1b0"/>
      </symbol>
      <symbol id="sm-aa3">
         <name>_doflush</name>
         <value>0x54a9</value>
         <object_component_ref idref="oc-1b0"/>
      </symbol>
      <symbol id="sm-ab3">
         <name>fseek</name>
         <value>0x59a1</value>
         <object_component_ref idref="oc-240"/>
      </symbol>
      <symbol id="sm-acd">
         <name>setvbuf</name>
         <value>0x5331</value>
         <object_component_ref idref="oc-244"/>
      </symbol>
      <symbol id="sm-ad9">
         <name>strcpy</name>
         <value>0x5e73</value>
         <object_component_ref idref="oc-2ec"/>
      </symbol>
      <symbol id="sm-b0a">
         <name>freopen</name>
         <value>0x4d4d</value>
         <object_component_ref idref="oc-2ab"/>
      </symbol>
      <symbol id="sm-b0b">
         <name>fopen</name>
         <value>0x4d77</value>
         <object_component_ref idref="oc-2ab"/>
      </symbol>
      <symbol id="sm-b0c">
         <name>_cleanup</name>
         <value>0x4d21</value>
         <object_component_ref idref="oc-2ab"/>
      </symbol>
      <symbol id="sm-b7b">
         <name>_sys_memory</name>
         <value>0x200139a0</value>
         <object_component_ref idref="oc-21"/>
      </symbol>
      <symbol id="sm-b7c">
         <name>free</name>
         <value>0x3f2b</value>
         <object_component_ref idref="oc-2a7"/>
      </symbol>
      <symbol id="sm-b7d">
         <name>realloc</name>
         <value>0x3ff5</value>
         <object_component_ref idref="oc-2a7"/>
      </symbol>
      <symbol id="sm-b7e">
         <name>memalign</name>
         <value>0x40ff</value>
         <object_component_ref idref="oc-2a7"/>
      </symbol>
      <symbol id="sm-b7f">
         <name>calloc</name>
         <value>0x41d5</value>
         <object_component_ref idref="oc-2a7"/>
      </symbol>
      <symbol id="sm-b80">
         <name>malloc</name>
         <value>0x3ec9</value>
         <object_component_ref idref="oc-2a7"/>
      </symbol>
      <symbol id="sm-b81">
         <name>minit</name>
         <value>0x3e3d</value>
         <object_component_ref idref="oc-2a7"/>
      </symbol>
      <symbol id="sm-b95">
         <name>_closefile</name>
         <value>0x57b5</value>
         <object_component_ref idref="oc-2d9"/>
      </symbol>
      <symbol id="sm-b96">
         <name>fclose</name>
         <value>0x580f</value>
         <object_component_ref idref="oc-2d9"/>
      </symbol>
      <symbol id="sm-b98">
         <name>__TI_static_base__</name>
         <value>0x0</value>
      </symbol>
      <symbol id="sm-b99">
         <name>__TI_args_main</name>
         <value>0x1</value>
      </symbol>
      <symbol id="sm-b9a">
         <name>SHT$$INIT_ARRAY$$Limit</name>
         <value>0x0</value>
      </symbol>
      <symbol id="sm-b9b">
         <name>SHT$$INIT_ARRAY$$Base</name>
         <value>0x0</value>
      </symbol>
      <symbol id="sm-b9f">
         <name>remove</name>
         <value>0x42cb</value>
      </symbol>
   </symbol_table>
</link_info>
